error[E0277]: `Rc<A>` cannot be shared between threads safely
  --> tests/trybuild/schedule/non_send_views.rs:35:24
   |
35 |     world.run_schedule(&mut schedule);
   |           ------------ ^^^^^^^^^^^^^ `Rc<A>` cannot be shared between threads safely
   |           |
   |           required by a bound introduced by this call
   |
   = help: the trait `Sync` is not implemented for `Rc<A>`
   = note: required for `&Rc<A>` to implement `Send`
   = note: required because it appears within the type `(&Rc<A>, Null)`
   = note: required for `brood::system::schedule::task::System<Foo>` to implement `brood::system::schedule::task::sealed::Task<'_, (Rc<A>, brood::registry::Null), brood::resource::Null, (registry::contains::Null, (registry::contains::Contained, registry::contains::Null), (registry::contains::NotContained, (&registry::contains::Contained, registry::contains::Null)), (brood::query::result::get::Index, registry::contains::Null), (brood::query::result::get::Index, brood::query::result::reshape::Null)), (resource::contains::Null, resource::contains::Null, resource::contains::Null, resource::contains::Null), (((registry::contains::NotContained, (registry::contains::NotContained, registry::contains::Null)), registry::contains::Null, brood::query::result::reshape::Null), view::disjoint::Null, ((registry::contains::NotContained, (&registry::contains::Contained, registry::contains::Null)), (brood::query::result::get::Index, registry::contains::Null), (brood::query::result::get::Index, brood::query::result::reshape::Null)), view::disjoint::Null), ((registry::contains::NotContained, (registry::contains::NotContained, registry::contains::Null)), registry::contains::Null, brood::query::result::reshape::Null)>`
   = note: required for `(brood::system::schedule::task::System<Foo>, brood::system::schedule::task::Null)` to implement `schedule::stager::Cutoff<'_, (Rc<A>, brood::registry::Null), brood::resource::Null, schedule::claim::decision::Append, ((&Rc<A>, brood::query::view::Null), schedule::claim::Null), schedule::stager::Null, schedule::stager::Null, schedule::stager::Null, schedule::stager::Null, (brood::query::view::Null, schedule::claim::Null), schedule::stager::Null, schedule::stager::Null, schedule::stager::Null, ((registry::contains::Null, (registry::contains::Contained, registry::contains::Null), (registry::contains::NotContained, (&registry::contains::Contained, registry::contains::Null)), (brood::query::result::get::Index, registry::contains::Null), (brood::query::result::get::Index, brood::query::result::reshape::Null)), schedule::stage::Null), ((resource::contains::Null, resource::contains::Null, resource::contains::Null, resource::contains::Null), schedule::stage::Null), ((((registry::contains::NotContained, (registry::contains::NotContained, registry::contains::Null)), registry::contains::Null, brood::query::result::reshape::Null), view::disjoint::Null, ((registry::contains::NotContained, (&registry::contains::Contained, registry::contains::Null)), (brood::query::result::get::Index, registry::contains::Null), (brood::query::result::get::Index, brood::query::result::reshape::Null)), view::disjoint::Null), schedule::stage::Null), (((registry::contains::NotContained, (registry::contains::NotContained, registry::contains::Null)), registry::contains::Null, brood::query::result::reshape::Null), schedule::stage::Null)>`
   = note: required for `(brood::system::schedule::task::System<Foo>, brood::system::schedule::task::Null)` to implement `schedule::scheduler::Scheduler<'_, (Rc<A>, brood::registry::Null), brood::resource::Null, ((schedule::claim::Null, schedule::stager::Null), schedule::scheduler::Null), ((schedule::claim::Null, schedule::stager::Null), schedule::scheduler::Null), ((schedule::claim::Null, schedule::stager::Null), schedule::scheduler::Null), (((((registry::contains::NotContained, (&registry::contains::Contained, registry::contains::Null)), (brood::query::result::get::Index, registry::contains::Null), (brood::query::result::get::Index, brood::query::result::reshape::Null)), ((registry::contains::NotContained, (registry::contains::NotContained, registry::contains::Null)), registry::contains::Null, brood::query::result::reshape::Null), (view::merge::Neither, (view::merge::Left, view::merge::Null))), schedule::stager::Null), schedule::stages::Null), ((schedule::claim::Null, schedule::stager::Null), schedule::stages::Null), ((schedule::claim::Null, schedule::stager::Null), schedule::stages::Null), ((schedule::claim::Null, schedule::stager::Null), schedule::stages::Null), (((registry::contains::Null, (registry::contains::Contained, registry::contains::Null), (registry::contains::NotContained, (&registry::contains::Contained, registry::contains::Null)), (brood::query::result::get::Index, registry::contains::Null), (brood::query::result::get::Index, brood::query::result::reshape::Null)), schedule::stage::Null), schedule::stages::Null), (((resource::contains::Null, resource::contains::Null, resource::contains::Null, resource::contains::Null), schedule::stage::Null), schedule::stages::Null), (((((registry::contains::NotContained, (registry::contains::NotContained, registry::contains::Null)), registry::contains::Null, brood::query::result::reshape::Null), view::disjoint::Null, ((registry::contains::NotContained, (&registry::contains::Contained, registry::contains::Null)), (brood::query::result::get::Index, registry::contains::Null), (brood::query::result::get::Index, brood::query::result::reshape::Null)), view::disjoint::Null), schedule::stage::Null), schedule::stages::Null), ((((registry::contains::NotContained, (registry::contains::NotContained, registry::contains::Null)), registry::contains::Null, brood::query::result::reshape::Null), schedule::stage::Null), schedule::stages::Null)>`
   = note: required for `(brood::system::schedule::task::System<Foo>, brood::system::schedule::task::Null)` to implement `schedule::sealed::Sealed<'_, (Rc<A>, brood::registry::Null), brood::resource::Null, (((schedule::claim::Null, schedule::stager::Null), schedule::scheduler::Null), ((schedule::claim::Null, schedule::stager::Null), schedule::scheduler::Null), ((schedule::claim::Null, schedule::stager::Null), schedule::scheduler::Null), (((((registry::contains::NotContained, (&registry::contains::Contained, registry::contains::Null)), (brood::query::result::get::Index, registry::contains::Null), (brood::query::result::get::Index, brood::query::result::reshape::Null)), ((registry::contains::NotContained, (registry::contains::NotContained, registry::contains::Null)), registry::contains::Null, brood::query::result::reshape::Null), (view::merge::Neither, (view::merge::Left, view::merge::Null))), schedule::stager::Null), schedule::stages::Null), ((schedule::claim::Null, schedule::stager::Null), schedule::stages::Null), ((schedule::claim::Null, schedule::stager::Null), schedule::stages::Null), ((schedule::claim::Null, schedule::stager::Null), schedule::stages::Null), (((registry::contains::Null, (registry::contains::Contained, registry::contains::Null), (registry::contains::NotContained, (&registry::contains::Contained, registry::contains::Null)), (brood::query::result::get::Index, registry::contains::Null), (brood::query::result::get::Index, brood::query::result::reshape::Null)), schedule::stage::Null), schedule::stages::Null), (((resource::contains::Null, resource::contains::Null, resource::contains::Null, resource::contains::Null), schedule::stage::Null), schedule::stages::Null), (((((registry::contains::NotContained, (registry::contains::NotContained, registry::contains::Null)), registry::contains::Null, brood::query::result::reshape::Null), view::disjoint::Null, ((registry::contains::NotContained, (&registry::contains::Contained, registry::contains::Null)), (brood::query::result::get::Index, registry::contains::Null), (brood::query::result::get::Index, brood::query::result::reshape::Null)), view::disjoint::Null), schedule::stage::Null), schedule::stages::Null), ((((registry::contains::NotContained, (registry::contains::NotContained, registry::contains::Null)), registry::contains::Null, brood::query::result::reshape::Null), schedule::stage::Null), schedule::stages::Null))>`
   = note: required for `(brood::system::schedule::task::System<Foo>, brood::system::schedule::task::Null)` to implement `Schedule<'_, (Rc<A>, brood::registry::Null), brood::resource::Null, (((schedule::claim::Null, schedule::stager::Null), schedule::scheduler::Null), ((schedule::claim::Null, schedule::stager::Null), schedule::scheduler::Null), ((schedule::claim::Null, schedule::stager::Null), schedule::scheduler::Null), (((((registry::contains::NotContained, (&registry::contains::Contained, registry::contains::Null)), (brood::query::result::get::Index, registry::contains::Null), (brood::query::result::get::Index, brood::query::result::reshape::Null)), ((registry::contains::NotContained, (registry::contains::NotContained, registry::contains::Null)), registry::contains::Null, brood::query::result::reshape::Null), (view::merge::Neither, (view::merge::Left, view::merge::Null))), schedule::stager::Null), schedule::stages::Null), ((schedule::claim::Null, schedule::stager::Null), schedule::stages::Null), ((schedule::claim::Null, schedule::stager::Null), schedule::stages::Null), ((schedule::claim::Null, schedule::stager::Null), schedule::stages::Null), (((registry::contains::Null, (registry::contains::Contained, registry::contains::Null), (registry::contains::NotContained, (&registry::contains::Contained, registry::contains::Null)), (brood::query::result::get::Index, registry::contains::Null), (brood::query::result::get::Index, brood::query::result::reshape::Null)), schedule::stage::Null), schedule::stages::Null), (((resource::contains::Null, resource::contains::Null, resource::contains::Null, resource::contains::Null), schedule::stage::Null), schedule::stages::Null), (((((registry::contains::NotContained, (registry::contains::NotContained, registry::contains::Null)), registry::contains::Null, brood::query::result::reshape::Null), view::disjoint::Null, ((registry::contains::NotContained, (&registry::contains::Contained, registry::contains::Null)), (brood::query::result::get::Index, registry::contains::Null), (brood::query::result::get::Index, brood::query::result::reshape::Null)), view::disjoint::Null), schedule::stage::Null), schedule::stages::Null), ((((registry::contains::NotContained, (registry::contains::NotContained, registry::contains::Null)), registry::contains::Null, brood::query::result::reshape::Null), schedule::stage::Null), schedule::stages::Null))>`
note: required by a bound in `World::<R, Resources>::run_schedule`
  --> src/world/mod.rs
   |
   |         S: Schedule<'a, R, Resources, Indices>,
   |            ^^^^^^^^^^^^^^^^^^^^^^^^^^^^^^^^^^^ required by this bound in `World::<R, Resources>::run_schedule`
