error[E0277]: `Rc<A>` cannot be shared between threads safely
  --> tests/trybuild/schedule/non_send_resource_views.rs:35:24
   |
35 |     world.run_schedule(&mut schedule);
   |           ------------ ^^^^^^^^^^^^^ `Rc<A>` cannot be shared between threads safely
   |           |
   |           required by a bound introduced by this call
   |
   = help: the trait `Sync` is not implemented for `Rc<A>`
   = note: required for `&Rc<A>` to implement `Send`
   = note: required because it appears within the type `(&Rc<A>, Null)`
   = note: required for `brood::system::schedule::task::System<Foo>` to implement `brood::system::schedule::task::sealed::Task<'_, brood::registry::Null, (Rc<A>, brood::resource::Null), (registry::contains::Null, registry::contains::Null, (registry::contains::NotContained, registry::contains::Null), registry::contains::Null, brood::hlist::Null), ((resource::contains::Contained, resource::contains::Null), (view::resource::get::index::Index, resource::contains::Null), (resource::contains::Contained, resource::contains::Null), (view::resource::get::index::Index, resource::contains::Null)), (((registry::contains::NotContained, registry::contains::Null), registry::contains::Null, brood::hlist::Null), view::disjoint::Null, ((registry::contains::NotContained, registry::contains::Null), registry::contains::Null, brood::hlist::Null), view::disjoint::Null), ((registry::contains::NotContained, registry::contains::Null), registry::contains::Null, brood::hlist::Null)>`
   = note: required for `(brood::system::schedule::task::System<Foo>, brood::system::schedule::task::Null)` to implement `schedule::stager::Cutoff<'_, brood::registry::Null, (Rc<A>, brood::resource::Null), schedule::claim::decision::Append, (brood::query::view::Null, schedule::claim::Null), schedule::stager::Null, schedule::stager::Null, schedule::stager::Null, schedule::stager::Null, ((&Rc<A>, brood::query::view::Null), schedule::claim::Null), schedule::stager::Null, schedule::stager::Null, schedule::stager::Null, ((registry::contains::Null, registry::contains::Null, (registry::contains::NotContained, registry::contains::Null), registry::contains::Null, brood::hlist::Null), schedule::stage::Null), (((resource::contains::Contained, resource::contains::Null), (view::resource::get::index::Index, resource::contains::Null), (resource::contains::Contained, resource::contains::Null), (view::resource::get::index::Index, resource::contains::Null)), schedule::stage::Null), ((((registry::contains::NotContained, registry::contains::Null), registry::contains::Null, brood::hlist::Null), view::disjoint::Null, ((registry::contains::NotContained, registry::contains::Null), registry::contains::Null, brood::hlist::Null), view::disjoint::Null), schedule::stage::Null), (((registry::contains::NotContained, registry::contains::Null), registry::contains::Null, brood::hlist::Null), schedule::stage::Null)>`
   = note: required for `(brood::system::schedule::task::System<Foo>, brood::system::schedule::task::Null)` to implement `schedule::scheduler::Scheduler<'_, brood::registry::Null, (Rc<A>, brood::resource::Null), ((schedule::claim::Null, schedule::stager::Null), schedule::scheduler::Null), ((schedule::claim::Null, schedule::stager::Null), schedule::scheduler::Null), ((schedule::claim::Null, schedule::stager::Null), schedule::scheduler::Null), (((((registry::contains::NotContained, registry::contains::Null), registry::contains::Null, brood::hlist::Null), ((registry::contains::NotContained, registry::contains::Null), registry::contains::Null, brood::hlist::Null), (view::merge::Neither, view::merge::Null)), schedule::stager::Null), schedule::stages::Null), ((schedule::claim::Null, schedule::stager::Null), schedule::stages::Null), ((schedule::claim::Null, schedule::stager::Null), schedule::stages::Null), ((schedule::claim::Null, schedule::stager::Null), schedule::stages::Null), (((registry::contains::Null, registry::contains::Null, (registry::contains::NotContained, registry::contains::Null), registry::contains::Null, brood::hlist::Null), schedule::stage::Null), schedule::stages::Null), ((((resource::contains::Contained, resource::contains::Null), (view::resource::get::index::Index, resource::contains::Null), (resource::contains::Contained, resource::contains::Null), (view::resource::get::index::Index, resource::contains::Null)), schedule::stage::Null), schedule::stages::Null), (((((registry::contains::NotContained, registry::contains::Null), registry::contains::Null, brood::hlist::Null), view::disjoint::Null, ((registry::contains::NotContained, registry::contains::Null), registry::contains::Null, brood::hlist::Null), view::disjoint::Null), schedule::stage::Null), schedule::stages::Null), ((((registry::contains::NotContained, registry::contains::Null), registry::contains::Null, brood::hlist::Null), schedule::stage::Null), schedule::stages::Null)>`
   = note: required for `(brood::system::schedule::task::System<Foo>, brood::system::schedule::task::Null)` to implement `schedule::sealed::Sealed<'_, brood::registry::Null, (Rc<A>, brood::resource::Null), (((schedule::claim::Null, schedule::stager::Null), schedule::scheduler::Null), ((schedule::claim::Null, schedule::stager::Null), schedule::scheduler::Null), ((schedule::claim::Null, schedule::stager::Null), schedule::scheduler::Null), (((((registry::contains::NotContained, registry::contains::Null), registry::contains::Null, brood::hlist::Null), ((registry::contains::NotContained, registry::contains::Null), registry::contains::Null, brood::hlist::Null), (view::merge::Neither, view::merge::Null)), schedule::stager::Null), schedule::stages::Null), ((schedule::claim::Null, schedule::stager::Null), schedule::stages::Null), ((schedule::claim::Null, schedule::stager::Null), schedule::stages::Null), ((schedule::claim::Null, schedule::stager::Null), schedule::stages::Null), (((registry::contains::Null, registry::contains::Null, (registry::contains::NotContained, registry::contains::Null), registry::contains::Null, brood::hlist::Null), schedule::stage::Null), schedule::stages::Null), ((((resource::contains::Contained, resource::contains::Null), (view::resource::get::index::Index, resource::contains::Null), (resource::contains::Contained, resource::contains::Null), (view::resource::get::index::Index, resource::contains::Null)), schedule::stage::Null), schedule::stages::Null), (((((registry::contains::NotContained, registry::contains::Null), registry::contains::Null, brood::hlist::Null), view::disjoint::Null, ((registry::contains::NotContained, registry::contains::Null), registry::contains::Null, brood::hlist::Null), view::disjoint::Null), schedule::stage::Null), schedule::stages::Null), ((((registry::contains::NotContained, registry::contains::Null), registry::contains::Null, brood::hlist::Null), schedule::stage::Null), schedule::stages::Null))>`
   = note: required for `(brood::system::schedule::task::System<Foo>, brood::system::schedule::task::Null)` to implement `Schedule<'_, brood::registry::Null, (Rc<A>, brood::resource::Null), (((schedule::claim::Null, schedule::stager::Null), schedule::scheduler::Null), ((schedule::claim::Null, schedule::stager::Null), schedule::scheduler::Null), ((schedule::claim::Null, schedule::stager::Null), schedule::scheduler::Null), (((((registry::contains::NotContained, registry::contains::Null), registry::contains::Null, brood::hlist::Null), ((registry::contains::NotContained, registry::contains::Null), registry::contains::Null, brood::hlist::Null), (view::merge::Neither, view::merge::Null)), schedule::stager::Null), schedule::stages::Null), ((schedule::claim::Null, schedule::stager::Null), schedule::stages::Null), ((schedule::claim::Null, schedule::stager::Null), schedule::stages::Null), ((schedule::claim::Null, schedule::stager::Null), schedule::stages::Null), (((registry::contains::Null, registry::contains::Null, (registry::contains::NotContained, registry::contains::Null), registry::contains::Null, brood::hlist::Null), schedule::stage::Null), schedule::stages::Null), ((((resource::contains::Contained, resource::contains::Null), (view::resource::get::index::Index, resource::contains::Null), (resource::contains::Contained, resource::contains::Null), (view::resource::get::index::Index, resource::contains::Null)), schedule::stage::Null), schedule::stages::Null), (((((registry::contains::NotContained, registry::contains::Null), registry::contains::Null, brood::hlist::Null), view::disjoint::Null, ((registry::contains::NotContained, registry::contains::Null), registry::contains::Null, brood::hlist::Null), view::disjoint::Null), schedule::stage::Null), schedule::stages::Null), ((((registry::contains::NotContained, registry::contains::Null), registry::contains::Null, brood::hlist::Null), schedule::stage::Null), schedule::stages::Null))>`
note: required by a bound in `World::<R, Resources>::run_schedule`
  --> src/world/mod.rs
   |
   |         S: Schedule<'a, R, Resources, Indices>,
   |            ^^^^^^^^^^^^^^^^^^^^^^^^^^^^^^^^^^^ required by this bound in `World::<R, Resources>::run_schedule`
