error: no rules expected the token `,`
 --> tests/trybuild/entity/type_comma_alone.rs:3:23
  |
3 | type Entity = Entity!(,);
  |                       ^ no rules expected this token in macro call
