error: no rules expected the token `,`
 --> tests/trybuild/entities/comma_alone.rs:4:30
  |
4 |     let entities = entities!(,);
  |                              ^ no rules expected this token in macro call
  |
note: while trying to match `(`
 --> src/entities/mod.rs
  |
  |     (($component:expr $(,$components:expr)* $(,)?); $n:expr) => {
  |      ^
