error: no rules expected the token `,`
 --> tests/trybuild/entities/double_comma.rs:8:37
  |
8 |     let entities = entities!((A, B),, (A, B));
  |                                     ^ no rules expected this token in macro call
